[www.mywilayah.com/2023/01/biodata-datuk-dr-ustazah-norhafizah-musa.html]
[pagead2.googlesyndication.com/pagead/js/f.txt]
[backblue.gif]
[fade.gif]
[index.html]
[blogger.googleusercontent.com/img/b/R29vZ2xl/AVvXsEiqORXuvYKT4NjxeTYHCyYixNxPDQC7IURKw2uMgqr/s320/Screenshot_2023-01-31-23-47-08-80_1c337646f29875672b5a61192b9010f9.jpg]
[stackpath.bootstrapcdn.com/font-awesome/4.7.0/css/font-awesome.min.css]
[4.bp.blogspot.com/-O3EpVMWcoKw/WxY6-6I4--I/AAAAAAAAB2s/KzC0FqUQtkMdw7VzT6oOR_8vbZO6EJc-ACK4BGAYYCw/w680/nth.png]
[www.google-analytics.com/analytics.js]
[blogger.googleusercontent.com/img/b/R29vZ2xl/AVvXsEiqORXuvYKT4NjxeTYHCyYixNxPDQC7IURKw2uMgqr/s462/Screenshot_2023-01-31-23-47-08-80_1c337646f29875672b5a61192b9010f9.jpg]
[www.mywilayah.com/2023/01/biodata-ustaz-ahmad-dusuki-abdul-rani40aa.html]
[www.mywilayah.com/2023/01/tujuh-mahkota-dunia-akhirat.html]
[www.blogger.com/static/v1/jsbin/4269703388-comment_from_post_iframe.js]
[www.gstatic.com/charts/loader.js]
[1.bp.blogspot.com/-qFtdz79K83k/XlHocOc3ZMI/AAAAAAAAF1o/cWtjnMrLs24R1l1aSoZDOEgT_bOZICAtQCLcBGAsYHQ/s1600/IMG_20200223_063701.jpg]
[1.bp.blogspot.com/-a4w6zJPjI9I/XbkQvkNLqMI/AAAAAAAAChc/AH01N0KGkVcqFTCaAr2lgI-cpMjlrr6AQCLcBGAsYHQ/w640/Capture.PNG]
[blogger.googleusercontent.com/img/b/R29vZ2xl/AVvXsEhyB-N0Vp7nXvxx7b3RkSGk294KkWDynOVia8RGXdD/w100/IMG_20220516_230159.jpg]
[1.bp.blogspot.com/-ANoIKsZvjBY/YNnD4Ij9NPI/AAAAAAAARmc/ZLXfFF97LkEfLmRYT8PFJMPOb75jmcscgCLcBGAsYHQ/w100/IMG_20210628_204244.jpg]
[1.bp.blogspot.com/-ogwC7P7s4As/YUXSfKD5rrI/AAAAAAAASTI/lsz-ZYNYEmot0Rqf4LjBvfTLdrMWqUaSwCLcBGAsYHQ/w100/e0799d9449046bf7648d2eaf6e85936d.jpg]
[1.bp.blogspot.com/-PT4jNfh7t2c/YSZiGe5-pFI/AAAAAAAASDU/afTN2B4UyNwg-ABb9ynHrgAEENApNBhNwCLcBGAsYHQ/w100/IMG_20210825_233013.jpg]
[blogger.googleusercontent.com/img/b/R29vZ2xl/AVvXsEhl6Ub55HOcbfgIWPsqtMskh0v_Oyo3gL4Dw8rqbbL/w100/IMG_20240204_224636.jpg]
[1.bp.blogspot.com/-UFXE-Xrebng/XkyzMqLypzI/AAAAAAAAFso/0bFCmg7KH0MNuYoFpWCG4EpSqyHLRK0cACLcBGAsYHQ/w100/IMG_20200219_120055.JPG]
[1.bp.blogspot.com/-Lp5NRDfzsIY/XdupSoFDudI/AAAAAAAADPI/wXCqQ1LArfo_5frew39LSX03LFFzEIrQQCLcBGAsYHQ/w100/Capture.PNG]
[ajax.googleapis.com/ajax/libs/jquery/1.12.4/jquery.min.js]
[www.blogger.com/static/v1/widgets/523887051-widgets.js]
[www.mywilayah.com/2023/01/biodata-datuk-dr-ustazah-norhafizah-musa.html]
[stackpath.bootstrapcdn.com/font-awesome/4.7.0/css/font-awesome.min.css]
[www.blogger.com/dyn-css/authorization9a90.css]
[www.mywilayah.com/2023/01/biodata-ustaz-ahmad-dusuki-abdul-rani.html]
[blogger.googleusercontent.com/img/b/R29vZ2xl/AVvXsEin5t-pvnUpfAFvNa4Vm8XcIQSzWrZv1UgNiQ9Iyp9/s320/IMG_20230121_002838.jpg]
[blogger.googleusercontent.com/img/b/R29vZ2xl/AVvXsEin5t-pvnUpfAFvNa4Vm8XcIQSzWrZv1UgNiQ9Iyp9/s409/IMG_20230121_002838.jpg]
[www.mywilayah.com/2023/01/3-doa-di-ambang-ramadhan40aa.html]
[www.mywilayah.com/2023/01/biodata-ustaz-ahmad-dusuki-abdul-rani.1c6f8f.delayed]
[www.mywilayah.com/2023/01/perbezaan-zakat-dan-sedekah40aa.html]
[www.mywilayah.com/2023/01/biodata-ustaz-ahmad-dusuki-abdul-rani40aa.html]
[www.mywilayah.com/2023/01/biodata-ustaz-ahmad-dusuki-abdul-rani6f8f.html]
[blogger.googleusercontent.com/img/b/R29vZ2xl/AVvXsEglFKLrSFzbRGRKwUXDK6CROsQkX3Cq47ZYRoLep2O/s320/047f94f43b54a8a2c99ec64337150d58.jpg]
[blogger.googleusercontent.com/img/b/R29vZ2xl/AVvXsEglFKLrSFzbRGRKwUXDK6CROsQkX3Cq47ZYRoLep2O/s920/047f94f43b54a8a2c99ec64337150d58.jpg]
[www.mywilayah.com/2023/01/tujuh-mahkota-dunia-akhirat.html]
[www.mywilayah.com/2023/01/doa-nabi-muhammad-pada-ibnu-abbas-ra.html]
[www.mywilayah.com/2023/01/3-doa-di-ambang-ramadhan.html]
[www.mywilayah.com/2023/01/biodata-ustaz-ahmad-dusuki-abdul-rani.html]
[www.mywilayah.com/2023/01/perbezaan-zakat-dan-sedekah.html]
[blogger.googleusercontent.com/img/b/R29vZ2xl/AVvXsEj6ShbleuYqzJ3YvGpWcsqrkMy34tm2dXSmTYolEMO/s320/IMG_20230122_230028.jpg]
[blogger.googleusercontent.com/img/b/R29vZ2xl/AVvXsEj6ShbleuYqzJ3YvGpWcsqrkMy34tm2dXSmTYolEMO/s939/IMG_20230122_230028.jpg]
[www.mywilayah.com/2023/01/3-doa-di-ambang-ramadhan.266f8f.delayed]
[www.mywilayah.com/2023/01/peristiwa-bulan-rejab40aa.html]
[www.mywilayah.com/2023/01/3-doa-di-ambang-ramadhan40aa.html]
[www.mywilayah.com/2023/01/3-doa-di-ambang-ramadhan6f8f.html]
[blogger.googleusercontent.com/img/b/R29vZ2xl/AVvXsEh8Xoo44Fd00fqJgnrSqnFkbsbJLzBEpBgaPmGnOrD/s320/IMG_20230119_225544.jpg]
[blogger.googleusercontent.com/img/b/R29vZ2xl/AVvXsEh8Xoo44Fd00fqJgnrSqnFkbsbJLzBEpBgaPmGnOrD/s1080/IMG_20230119_225544.jpg]
[www.mywilayah.com/2023/01/perbezaan-zakat-dan-sedekah.2b6f8f.delayed]
[www.mywilayah.com/2023/01/konsep-membangun-malaysia-madani40aa.html]
[www.mywilayah.com/2023/01/perbezaan-zakat-dan-sedekah40aa.html]
[www.mywilayah.com/2023/01/biodata-ustaz-ahmad-dusuki-abdul-rani6f8f.html]
[www.mywilayah.com/2023/01/perbezaan-zakat-dan-sedekah6f8f.html]
[blogger.googleusercontent.com/img/b/R29vZ2xl/AVvXsEj4NvfRamw13Z3TG1XFxqP7yExFW2jP8keQjTpWzmO/s320/IMG_20230127_140059.jpg]
[blogger.googleusercontent.com/img/b/R29vZ2xl/AVvXsEj4NvfRamw13Z3TG1XFxqP7yExFW2jP8keQjTpWzmO/s1224/IMG_20230127_140059.jpg]
[www.mywilayah.com/2023/01/doa-nabi-muhammad-pada-ibnu-abbas-ra.html]
[www.mywilayah.com/2023/01/biodata-yb-senator-tan-sri-dato-seri.html]
[www.mywilayah.com/2023/01/3-doa-di-ambang-ramadhan.html]
[www.mywilayah.com/2023/01/peristiwa-bulan-rejab.html]
[www.mywilayah.com/2023/01/perbezaan-zakat-dan-sedekah.html]
[www.mywilayah.com/2023/01/konsep-membangun-malaysia-madani.html]
[blogger.googleusercontent.com/img/b/R29vZ2xl/AVvXsEg8RCgdFJL9sgh1ec3XmWlN7JmlYLvFoVNOxH-6Di3/s320/IMG_20230123_230850.jpg]
[blogger.googleusercontent.com/img/b/R29vZ2xl/AVvXsEg8RCgdFJL9sgh1ec3XmWlN7JmlYLvFoVNOxH-6Di3/s736/IMG_20230123_230850.jpg]
[www.mywilayah.com/2023/01/peristiwa-bulan-rejab.356f8f.delayed]
[www.mywilayah.com/2023/01/biodata-norlizah-binti-noh40aa.html]
[www.mywilayah.com/2023/01/peristiwa-bulan-rejab40aa.html]
[www.mywilayah.com/2023/01/3-doa-di-ambang-ramadhan6f8f.html]
[www.mywilayah.com/2023/01/peristiwa-bulan-rejab6f8f.html]
[blogger.googleusercontent.com/img/b/R29vZ2xl/AVvXsEjPScmiFPPRbCsMSixJ7KIX53Pj3ako90PdH1s_aUI/s320/Screenshot_2023-01-19-19-05-39-84_1c337646f29875672b5a61192b9010f9.jpg]
[blogger.googleusercontent.com/img/b/R29vZ2xl/AVvXsEjPScmiFPPRbCsMSixJ7KIX53Pj3ako90PdH1s_aUI/s652/Screenshot_2023-01-19-19-05-39-84_1c337646f29875672b5a61192b9010f9.jpg]
[www.mywilayah.com/2023/01/konsep-membangun-malaysia-madani.3a6f8f.delayed]
[www.mywilayah.com/2023/01/doa-untuk-sahabat40aa.html]
[www.mywilayah.com/2023/01/konsep-membangun-malaysia-madani40aa.html]
[www.mywilayah.com/2023/01/perbezaan-zakat-dan-sedekah6f8f.html]
[www.mywilayah.com/2023/01/konsep-membangun-malaysia-madani6f8f.html]
[blogger.googleusercontent.com/img/b/R29vZ2xl/AVvXsEizlNhAp5s75KIuEmG2qfg_7AOlb_Mnk7eMNSPjsiA/s320/Screenshot_2023-01-26-22-15-57-24_1c337646f29875672b5a61192b9010f9.jpg]
[blogger.googleusercontent.com/img/b/R29vZ2xl/AVvXsEizlNhAp5s75KIuEmG2qfg_7AOlb_Mnk7eMNSPjsiA/s433/Screenshot_2023-01-26-22-15-57-24_1c337646f29875672b5a61192b9010f9.jpg]
[www.mywilayah.com/2023/01/biodata-norlizah-binti-noh.html]
[www.blogger.com/static/v1/widgets/3642221003-widgets.js]
[www.mywilayah.com/2023/01/biodata-yb-senator-tan-sri-dato-seri.html]
[www.mywilayah.com/2023/01/peristiwa-bulan-rejab.html]
[www.mywilayah.com/2023/01/konsep-membangun-malaysia-madani.html]
[www.mywilayah.com/2023/01/doa-untuk-sahabat.html]
[blogger.googleusercontent.com/img/b/R29vZ2xl/AVvXsEgWx53ZXUvmQZn_yz2jJBX1EtpuGcg_SYeIvV5gFVz/s320/Screenshot_2023-01-26-09-39-19-73_1c337646f29875672b5a61192b9010f9.jpg]
[blogger.googleusercontent.com/img/b/R29vZ2xl/AVvXsEgWx53ZXUvmQZn_yz2jJBX1EtpuGcg_SYeIvV5gFVz/s378/Screenshot_2023-01-26-09-39-19-73_1c337646f29875672b5a61192b9010f9.jpg]
[www.mywilayah.com/2023/01/biodata-norlizah-binti-noh.456f8f.delayed]
[www.mywilayah.com/2023/01/biodata-yb-senator-tan-sri-dato-seri40aa.html]
[www.mywilayah.com/2023/01/biodata-norlizah-binti-noh40aa.html]
[www.mywilayah.com/2023/01/peristiwa-bulan-rejab6f8f.html]
[www.mywilayah.com/2023/01/biodata-norlizah-binti-noh6f8f.html]
[blogger.googleusercontent.com/img/b/R29vZ2xl/AVvXsEgi5oShdIlccPOWi-vkybzMSnBvMqCne0HX4E5jd6u/s320/Screenshot_2023-01-14-12-24-02-71_1c337646f29875672b5a61192b9010f9.jpg]
[blogger.googleusercontent.com/img/b/R29vZ2xl/AVvXsEgi5oShdIlccPOWi-vkybzMSnBvMqCne0HX4E5jd6u/s1432/Screenshot_2023-01-14-12-24-02-71_1c337646f29875672b5a61192b9010f9.jpg]
[www.mywilayah.com/2023/01/doa-untuk-sahabat.4a6f8f.delayed]
[www.mywilayah.com/2023/01/membantu-seorang-muslim-dalam-suatu40aa.html]
[www.mywilayah.com/2023/01/doa-untuk-sahabat40aa.html]
[www.mywilayah.com/2023/01/konsep-membangun-malaysia-madani6f8f.html]
[draft.blogger.com/dyn-css/authorization9a90.css]
[www.mywilayah.com/2023/01/biodata-norlizah-binti-noh.html]
[www.mywilayah.com/2023/01/doa-untuk-sahabat6f8f.html]
[www.mywilayah.com/2023/01/doa-untuk-sahabat.html]
[www.mywilayah.com/2023/01/membantu-seorang-muslim-dalam-suatu.html]
[www.mywilayah.com/2023/01/biodata-yb-senator-tan-sri-dato-seri.4e6f8f.delayed]
[www.mywilayah.com/2023/01/doa-nabi-muhammad-pada-ibnu-abbas-ra40aa.html]
[www.mywilayah.com/2023/01/biodata-yb-senator-tan-sri-dato-seri40aa.html]
[www.mywilayah.com/2023/01/biodata-norlizah-binti-noh6f8f.html]
[www.mywilayah.com/2023/01/biodata-yb-senator-tan-sri-dato-seri6f8f.html]
[blogger.googleusercontent.com/img/b/R29vZ2xl/AVvXsEi-RYW72XJjNIQqaiEv54YjLrnq9iMzg9l6V1YVeLP/s320/Screenshot_2023-01-14-12-20-52-14_1c337646f29875672b5a61192b9010f9.jpg]
[blogger.googleusercontent.com/img/b/R29vZ2xl/AVvXsEi-RYW72XJjNIQqaiEv54YjLrnq9iMzg9l6V1YVeLP/s1080/Screenshot_2023-01-14-12-20-52-14_1c337646f29875672b5a61192b9010f9.jpg]
[www.mywilayah.com/2023/01/membantu-seorang-muslim-dalam-suatu.536f8f.delayed]
[www.mywilayah.com/2023/01/biodata-fakhrul-unic40aa.html]
[www.mywilayah.com/2023/01/membantu-seorang-muslim-dalam-suatu40aa.html]
[www.google.com/js/bg/AASg_aq3Sfm79ayG2gpd8e7h9cXGmhm9TfT9WtyNSQM.js]
[www.mywilayah.com/b/csi6454.js]
[www.mywilayah.com/2023/01/doa-untuk-sahabat6f8f.html]
[www.mywilayah.com/2023/01/membantu-seorang-muslim-dalam-suatu6f8f.html]
[www.mywilayah.com/2023/01/membantu-seorang-muslim-dalam-suatu.html]
[www.mywilayah.com/2023/01/biodata-fakhrul-unic.html]
[www.mywilayah.com/2023/01/doa-nabi-muhammad-pada-ibnu-abbas-ra.596f8f.delayed]
[www.mywilayah.com/2023/01/tujuh-mahkota-dunia-akhirat40aa.html]
[www.mywilayah.com/2023/01/doa-nabi-muhammad-pada-ibnu-abbas-ra40aa.html]
[www.mywilayah.com/2023/01/biodata-yb-senator-tan-sri-dato-seri6f8f.html]
[www.mywilayah.com/2023/01/doa-nabi-muhammad-pada-ibnu-abbas-ra6f8f.html]
[blogger.googleusercontent.com/img/b/R29vZ2xl/AVvXsEhxr7HouthSNfaAp-x596iHsY7jvD1rERabbBInCEv/s320/IMG_20230115_202552.jpg]
[blogger.googleusercontent.com/img/b/R29vZ2xl/AVvXsEhxr7HouthSNfaAp-x596iHsY7jvD1rERabbBInCEv/s616/IMG_20230115_202552.jpg]
[www.mywilayah.com/2023/01/biodata-fakhrul-unic.5e6f8f.delayed]
[www.mywilayah.com/2023/01/biodata-dato-seri-dr-ahmad-zahid-bin40aa.html]
[www.mywilayah.com/2023/01/biodata-fakhrul-unic40aa.html]
[www.mywilayah.com/2023/01/membantu-seorang-muslim-dalam-suatu6f8f.html]
[www.mywilayah.com/2023/01/biodata-fakhrul-unic6f8f.html]
[www.mywilayah.com/2023/01/biodata-fakhrul-unic.html]
[www.mywilayah.com/2023/01/biodata-dato-seri-dr-ahmad-zahid-bin.html]
[www.mywilayah.com/2023/01/tujuh-mahkota-dunia-akhirat.626f8f.delayed]
[www.mywilayah.com/2023/01/biodata-datuk-dr-ustazah-norhafizah-musa40aa.html]
[www.mywilayah.com/2023/01/tujuh-mahkota-dunia-akhirat40aa.html]
[www.mywilayah.com/2023/01/doa-nabi-muhammad-pada-ibnu-abbas-ra6f8f.html]
[www.mywilayah.com/2023/01/tujuh-mahkota-dunia-akhirat6f8f.html]
[blogger.googleusercontent.com/img/b/R29vZ2xl/AVvXsEgLyO8wvdVp5pL3E0djq5-QoHuNjHeV-ZXCkzCI0K8/s320/IMG_20230114_152059.jpg]
[blogger.googleusercontent.com/img/b/R29vZ2xl/AVvXsEgLyO8wvdVp5pL3E0djq5-QoHuNjHeV-ZXCkzCI0K8/s343/IMG_20230114_152059.jpg]
[www.mywilayah.com/2023/01/biodata-dato-seri-dr-ahmad-zahid-bin.676f8f.delayed]
[www.mywilayah.com/2023/01/apakah-mann-salwa40aa.html]
[www.mywilayah.com/2023/01/biodata-dato-seri-dr-ahmad-zahid-bin40aa.html]
[www.mywilayah.com/2023/01/biodata-fakhrul-unic6f8f.html]
[www.mywilayah.com/2023/01/biodata-dato-seri-dr-ahmad-zahid-bin6f8f.html]
[www.mywilayah.com/2023/01/biodata-dato-seri-dr-ahmad-zahid-bin.html]
[www.mywilayah.com/2023/01/biodata-datuk-dr-ustazah-norhafizah-musa.6a6f8f.delayed]
[www.mywilayah.com/2023/01/apakah-mann-salwa.html]
[www.mywilayah.com/2023/01/biodata-datuk-dr-ustazah-norhafizah-musa40aa.html]
[www.mywilayah.com/2023/01/tujuh-mahkota-dunia-akhirat6f8f.html]
[www.mywilayah.com/2023/01/biodata-datuk-dr-ustazah-norhafizah-musa6f8f.html]
[blogger.googleusercontent.com/img/b/R29vZ2xl/AVvXsEh1F4fx_AuCImusyD1TrxRiAHVV5LBhqhXX9mo4QCZ/s320/IMG_20230110_192053.jpg]
[blogger.googleusercontent.com/img/b/R29vZ2xl/AVvXsEh1F4fx_AuCImusyD1TrxRiAHVV5LBhqhXX9mo4QCZ/s1264/IMG_20230110_192053.jpg]
[www.mywilayah.com/2023/01/apakah-mann-salwa.6f6f8f.delayed]
[www.mywilayah.com/2023/01/biodata-dr-maszlee-malik40aa.html]
[www.mywilayah.com/2023/01/apakah-mann-salwa40aa.html]
[www.mywilayah.com/2023/01/biodata-dato-seri-dr-ahmad-zahid-bin6f8f.html]
[www.mywilayah.com/2023/01/apakah-mann-salwa6f8f.html]
[www.mywilayah.com/2023/01/apakah-mann-salwa.html]
[www.mywilayah.com/2023/01/biodata-datuk-dr-ustazah-norhafizah-musa6f8f.html]
[www.mywilayah.com/2023/01/biodata-dr-maszlee-malik.html]
[blogger.googleusercontent.com/img/b/R29vZ2xl/AVvXsEhxF7H4ISDrib9EoDn3Nn4ob89Iy5QRPVG3YaQw5Ul/s320/IMG_20230109_225711.jpg]
[blogger.googleusercontent.com/img/b/R29vZ2xl/AVvXsEhxF7H4ISDrib9EoDn3Nn4ob89Iy5QRPVG3YaQw5Ul/s584/IMG_20230109_225711.jpg]
[www.mywilayah.com/2023/01/biodata-dr-maszlee-malik.756f8f.delayed]
[www.mywilayah.com/2023/01/syurga-bagi-pengunjung-masjid40aa.html]
[www.mywilayah.com/2023/01/biodata-dr-maszlee-malik40aa.html]
[www.mywilayah.com/2023/01/apakah-mann-salwa6f8f.html]
[www.mywilayah.com/2023/01/biodata-dr-maszlee-malik6f8f.html]
[www.mywilayah.com/2023/01/biodata-dr-maszlee-malik.html]
[www.mywilayah.com/2023/01/syurga-bagi-pengunjung-masjid.html]
[blogger.googleusercontent.com/img/b/R29vZ2xl/AVvXsEgwpULcuffGN9dZffcwJwOQuHf1Z-EgN-nL4TDmxAx/s320/28cccd529e68814a9a7f2b354249cdb2.jpg]
[blogger.googleusercontent.com/img/b/R29vZ2xl/AVvXsEgwpULcuffGN9dZffcwJwOQuHf1Z-EgN-nL4TDmxAx/s736/28cccd529e68814a9a7f2b354249cdb2.jpg]
[www.mywilayah.com/2023/01/syurga-bagi-pengunjung-masjid.7b6f8f.delayed]
[www.mywilayah.com/2023/01/biodata-datuk-ir-shahelmey-bin-yahya40aa.html]
[www.mywilayah.com/2023/01/syurga-bagi-pengunjung-masjid40aa.html]
[www.mywilayah.com/2023/01/biodata-dr-maszlee-malik6f8f.html]
[www.mywilayah.com/2023/01/syurga-bagi-pengunjung-masjid6f8f.html]
[www.mywilayah.com/2023/01/syurga-bagi-pengunjung-masjid.html]
[www.mywilayah.com/2023/01/biodata-datuk-ir-shahelmey-bin-yahya.html]
[blogger.googleusercontent.com/img/b/R29vZ2xl/AVvXsEjPyB5q6AHsj8ds79jgmw7lTsz5JEXkXF0keYBTtT3/s320/IMG_20230107_131413.jpg]
[blogger.googleusercontent.com/img/b/R29vZ2xl/AVvXsEjPyB5q6AHsj8ds79jgmw7lTsz5JEXkXF0keYBTtT3/s364/IMG_20230107_131413.jpg]
[www.mywilayah.com/2023/01/biodata-datuk-ir-shahelmey-bin-yahya.816f8f.delayed]
[www.mywilayah.com/2023/01/biodata-datuk-seri-panglima-haji-mohd40aa.html]
[www.mywilayah.com/2023/01/biodata-datuk-ir-shahelmey-bin-yahya40aa.html]
[www.mywilayah.com/2023/01/syurga-bagi-pengunjung-masjid6f8f.html]
[www.mywilayah.com/2023/01/biodata-datuk-ir-shahelmey-bin-yahya6f8f.html]
[www.mywilayah.com/2023/01/biodata-datuk-ir-shahelmey-bin-yahya.html]
[www.mywilayah.com/2023/01/biodata-datuk-seri-panglima-haji-mohd.html]
[blogger.googleusercontent.com/img/b/R29vZ2xl/AVvXsEjtDVf7QhDMHZGfc1iu08P82HeUkDNHkkSAu4HzQiz/s1600/Screenshot_2023-01-05-22-49-16-67_92b64b2a7aa6eb3771ed6e18d0029815.jpg]
[blogger.googleusercontent.com/img/b/R29vZ2xl/AVvXsEjtDVf7QhDMHZGfc1iu08P82HeUkDNHkkSAu4HzQiz/s305/Screenshot_2023-01-05-22-49-16-67_92b64b2a7aa6eb3771ed6e18d0029815.jpg]
[www.mywilayah.com/2023/01/biodata-datuk-seri-panglima-haji-mohd.876f8f.delayed]
[www.mywilayah.com/2023/01/biodata-dato-seri-dr-haji-wan-salim-wan40aa.html]
[www.mywilayah.com/2023/01/biodata-datuk-seri-panglima-haji-mohd40aa.html]
[www.mywilayah.com/2023/01/biodata-datuk-ir-shahelmey-bin-yahya6f8f.html]
[www.mywilayah.com/2023/01/biodata-datuk-seri-panglima-haji-mohd6f8f.html]
[www.mywilayah.com/2023/01/biodata-datuk-seri-panglima-haji-mohd.html]
[www.mywilayah.com/2023/01/biodata-dato-seri-dr-haji-wan-salim-wan.html]
[blogger.googleusercontent.com/img/b/R29vZ2xl/AVvXsEhu75Zf0WbUz8vOsDeKI7iPieEkr3M58knKpacgf3R/s320/IMG_20230104_222401.jpg]
[blogger.googleusercontent.com/img/b/R29vZ2xl/AVvXsEhu75Zf0WbUz8vOsDeKI7iPieEkr3M58knKpacgf3R/s874/IMG_20230104_222401.jpg]
[resources.blogblog.com/img/blank.gif]
[www.mywilayah.com/2023/01/biodata-dato-seri-dr-haji-wan-salim-wan537b.html]
[www.mywilayah.com/2023/01/biodata-dato-seri-dr-haji-wan-salim-wan.8f6f8f.delayed]
[www.mywilayah.com/2023/01/biodata-dato-seri-dr-haji-wan-salim-wan1a10.html]
[www.mywilayah.com/2023/01/biodata-dato-seri-dr-haji-wan-salim-wan40aa.html]
[www.mywilayah.com/2023/01/biodata-datuk-seri-panglima-haji-mohd6f8f.html]
[www.mywilayah.com/2023/01/biodata-dato-seri-dr-haji-wan-salim-wan6f8f.html]
[www.mywilayah.com/2023/01/biodata-dato-seri-dr-haji-wan-salim-wan5be6.html]
[www.mywilayah.com/2023/01/biodata-dato-seri-dr-haji-wan-salim-wan.html]
[www.mywilayah.com/2023/01/biodata-dato-seri-dr-haji-wan-salim-wan537b.html]
[www.mywilayah.com/2023/01/biodata-dato-seri-dr-haji-wan-salim-wan1a10.html]
[www.mywilayah.com/2023/01/biodata-dato-seri-dr-haji-wan-salim-wan6f8f.html]
[www.mywilayah.com/2023/01/biodata-dato-seri-dr-haji-wan-salim-wan5be6.html]
[www.mywilayah.com/2023/01/biodata-dato-seri-dr-haji-wan-salim-wan27e6.html]
[www.mywilayah.com/2023/01/biodata-dato-seri-dr-haji-wan-salim-wan27e6.html]
