[harianpost.my/ustazah-norhafizah-musa/index.html]
[backblue.gif]
[fade.gif]
[index.html]
[harianpost.my/wp-content/uploads/2023/09/Copy-of-mysihat.com-13.jpg]
[harianpost.my/ustazah-norhafizah-musa/Firefox/index.html]
[harianpost.my/wp-content/cache/min/1/wp-content/uploads/blocksy/css/global562e.css]
[harianpost.my/ustazah-norhafizah-musa/feed/index.html]
[harianpost.my/wp-includes/css/dist/block-library/style.min5352.css]
[harianpost.my/wp-content/cache/min/1/wp-content/themes/blocksy/static/bundle/main.min562e.css]
[harianpost.my/wp-content/plugins/blocksy-companion-pro/framework/premium/static/bundle/video-indicator.min9f0a.css]
[harianpost.my/wp-content/plugins/blocksy-companion-pro/framework/extensions/trending/static/bundle/main.min9f0a.css]
[harianpost.my/wp-content/themes/blocksy/static/bundle/page-title.min9f0a.css]
[harianpost.my/wp-content/themes/blocksy/static/bundle/share-box.min9f0a.css]
[harianpost.my/wp-content/plugins/wp-rocket/assets/img/youtube.png]
[harianpost.my/wp-content/themes/blocksy/static/bundle/no-scripts.min.css]
[harianpost.my/wp-content/uploads/2023/03/Layer_1-2.png]
[harianpost.my/wp-content/uploads/2023/09/Copy-of-mysihat.com-13-300x169.jpg]
[harianpost.my/wp-content/uploads/2023/09/image-55.png]
[harianpost.my/wp-content/uploads/2023/09/image-56.png]
[harianpost.my/wp-content/uploads/2023/09/image-59-646x1024.png]
[harianpost.my/wp-content/uploads/2022/06/GridArt_20220618_205923850-300x169.jpg]
[harianpost.my/wp-content/uploads/2021/06/e-janji-temu-lhdn-online-300x143.jpg]
[harianpost.my/wp-content/uploads/2021/05/Screenshot_2021-05-27-17-48-11-18-300x199.jpg]
[harianpost.my/ustazah-norhafizah-musa/index.html]
[harianpost.my/ustazah-norhafizah-musa/Firefox/index.html]
[harianpost.my/wp-content/cache/min/1/wp-content/uploads/blocksy/css/global562e.css]
[harianpost.my/wp-includes/css/dist/block-library/style.min5352.css]
[harianpost.my/wp-content/cache/min/1/wp-content/themes/blocksy/static/bundle/main.min562e.css]
[harianpost.my/wp-content/plugins/blocksy-companion-pro/framework/premium/static/bundle/video-indicator.min9f0a.css]
[harianpost.my/wp-content/plugins/blocksy-companion-pro/framework/extensions/trending/static/bundle/main.min9f0a.css]
[harianpost.my/wp-content/themes/blocksy/static/bundle/page-title.min9f0a.css]
[harianpost.my/wp-content/themes/blocksy/static/bundle/share-box.min9f0a.css]
[harianpost.my/wp-content/themes/blocksy/static/bundle/no-scripts.min.css]
[harianpost.my/wp-content/plugins/wp-rocket/assets/js/lazyload/17.8.3/lazyload.min.js]
