[salam.my/biodata-ustaz-syamsul-debat/index.html]
[backblue.gif]
[fade.gif]
[index.html]
[salam.my/wp-content/uploads/2017/07/ustaz-syamsul-debat.jpg]
[salam.my/wp-includes/css/dist/block-library/style.min9c62.css]
[salam.my/wp-content/plugins/mashsharer/assets/css/mashsb.min3621.css]
[salam.my/biodata-ustaz-syamsul-debat/feed/index.html]
[salam.my/wp-content/plugins/whats-your-reaction/css/main.min5152.css]
[salam.my/wp-content/plugins/wordpress-popular-posts/assets/css/wpp4d2c.css]
[salam.my/wp-content/themes/bimber/css/original/alle735.css]
[salam.my/wp-content/uploads/dynamic-style3704.css]
[salam.my/wp-includes/js/jquery/jquery.min9d52.js]
[salam.my/wp-includes/js/jquery/jquery-migrate.mind617.js]
[salam.my/wp-content/plugins/mashsharer/assets/js/mashsb.min3621.js]
[salam.my/wp-content/plugins/wordpress-popular-posts/assets/js/wpp.min4d2c.js]
[salam.my/wp-content/themes/bimber/js/modernizr/modernizr-custom.min9b70.js]
[salam.my/wp-content/plugins/quick-adsense-reloaded/assets/js/ads.js]
[salam.my/wp-content/uploads/2017/01/logo-150x150.png]
[salam.my/wp-content/uploads/2017/01/logo.png]
[pagead2.googlesyndication.com/pagead/js/f.txt]
[salam.my/wp-content/uploads/2018/02/bloglogo.png]
[salam.my/wp-content/uploads/2020/10/pastor-patung-mary-192x96.png]
[salam.my/wp-content/uploads/2020/08/tukar-wang-jadi-emas-192x96.png]
[salam.my/wp-content/uploads/2020/08/erdogan-masjid-192x96.png]
[salam.my/wp-content/uploads/2020/07/penutupan-masjidil-haram-192x96.png]
[salam.my/wp-content/uploads/2020/05/keluarga-cina-peluk-islam-192x96.png]
[salam.my/wp-content/uploads/2020/05/dr-maza-192x96.jpg]
[salam.my/wp-content/uploads/2020/03/telegram-salam-2.png]
[salam.my/wp-content/uploads/2019/07/BannerYT.png]
[emas2u.com/wp-content/uploads/2018/12/emas-public-gold.png]
[salam.my/wp-content/uploads/2020/10/pastor-patung-mary-364x205.png]
[salam.my/wp-content/uploads/2020/09/ah-long-364x205.png]
[salam.my/wp-content/uploads/2020/08/tukar-wang-jadi-emas-364x205.png]
[salam.my/wp-content/uploads/2020/08/erdogan-masjid-364x205.png]
[salam.my/wp-content/uploads/2020/07/elewsmart-364x205.jpg]
[salam.my/wp-content/uploads/2020/07/pemandu-mabuk-364x205.png]
[salam.my/wp-content/uploads/2020/06/muallaf-cina-malaysia-364x205.png]
[salam.my/wp-content/uploads/2020/06/Mah-Wai-Kit-364x205.jpg]
[salam.my/wp-content/uploads/2020/06/hidayah-center-foundation-364x205.png]
[salam.my/wp-content/uploads/2020/05/firdaus-joseph-wong-364x205.png]
[salam.my/wp-content/uploads/2017/07/ujian-ketulenan-air-zam-zam.jpg]
[salam.my/wp-content/uploads/2019/07/biodata-ustaz-auni-mohamad-364x205.jpg]
[salam.my/wp-content/uploads/2018/02/asal-buddha-364x205.png]
[salam.my/wp-content/uploads/2017/08/komander-pakistan-364x205.jpg]
[salam.my/wp-content/uploads/2017/07/ebit-lew-1-364x205.jpg]
[salam.my/wp-content/uploads/2019/09/biodata-drof-dr-muhaya-364x205.png]
[widgets.amung.us/small.js]
[salam.my/wp-content/plugins/whats-your-reaction/js/front5152.js]
[salam.my/wp-content/plugins/zero-spam/assets/js/wpzerospam7d02.js]
[salam.my/wp-includes/js/comment-reply.min9c62.js]
[salam.my/wp-content/themes/bimber/js/stickyfill/stickyfill.mine7f0.js]
[salam.my/wp-content/themes/bimber/js/jquery.placeholder/placeholders.jquery.minf39e.js]
[salam.my/wp-content/themes/bimber/js/jquery.timeago/jquery.timeago6bc5.js]
[salam.my/wp-content/themes/bimber/js/jquery.timeago/locales/jquery.timeago.en.js]
[salam.my/wp-content/themes/bimber/js/matchMedia/matchMedia.js]
[salam.my/wp-content/themes/bimber/js/matchMedia/matchMedia.addListener.js]
[salam.my/wp-content/themes/bimber/js/picturefill/picturefill.min254d.js]
[salam.my/wp-content/themes/bimber/js/jquery.waypoints/jquery.waypoints.mincce7.js]
[salam.my/wp-content/themes/bimber/js/libgif/libgif.js]
[salam.my/wp-content/themes/bimber/js/enquire/enquire.min431f.js]
[salam.my/wp-content/themes/bimber/js/fronte735.js]
[salam.my/wp-content/themes/bimber/js/menue735.js]
[salam.my/wp-includes/js/wp-embed.min9c62.js]
[salam.my/wp-content/plugins/zero-spam/integrations/comments/js/comments7d02.js]
[salam.my/biodata-ustaz-syamsul-debat/index.html]
[salam.my/wp-includes/css/dist/block-library/style.min9c62.css]
[salam.my/wp-content/plugins/quick-adsense-reloaded/includes/gutenberg/dist/blocks.style.build571a.css]
[salam.my/wp-content/plugins/mashsharer/assets/css/mashsb.min3621.css]
[salam.my/wp-content/plugins/whats-your-reaction/css/main.min5152.css]
[salam.my/wp-content/plugins/wordpress-popular-posts/assets/css/wpp4d2c.css]
[salam.my/wp-content/themes/bimber/css/original/alle735.css]
[salam.my/wp-content/uploads/dynamic-style3704.css]
[salam.my/biodata-ustaz-syamsul-debat/amung.us/small.js]
[widgets.amung.us/small.js]
[salam.my/biodata-ustaz-syamsul-debat/amung.us/small.html]
[cdn.tynt.com/tc.js]
