[galerisurautanahwakaf.blogspot.com/2015/01/biodata-ustaz-abdullah-khairy-bin-hj40aa.html]
[backblue.gif]
[fade.gif]
[index.html]
[galerisurautanahwakaf.blogspot.com/2015/01/biodata-ustaz-abdullah-khairy-bin-hj.html]
[resources.blogblog.com/blogblog/data/1kt/simple/body_gradient_tile_light.png]
[resources.blogblog.com/blogblog/data/1kt/simple/gradients_light.png]
[pagead2.googlesyndication.com/pagead/js/f.txt]
[4.bp.blogspot.com/-MV6YQpmlyKE/T-_hVitY6dI/AAAAAAAAAzk/ColWx4x5Mwc/s400/webiste-header-01.jpg]
[www.blogger.com/img/blogger_logo_round_35.png]
[galerisurautanahwakaf.blogspot.com/2015/01/biodata-ustaz-abdullah-khairy-bin-hj9fb4.html]
[galerisurautanahwakaf.blogspot.com/2015/01/biodata-ustaz-abdullah-khairy-bin-hjc460.html]
[galerisurautanahwakaf.blogspot.com/2015/01/biodata-ustaz-abdullah-khairy-bin-hj3ea4.html]
[galerisurautanahwakaf.blogspot.com/2015/01/biodata-ustaz-abdullah-khairy-bin-hjc3d2.html]
[galerisurautanahwakaf.blogspot.com/2015/01/biodata-ustaz-abdullah-khairy-bin-hj9846.html]
[galerisurautanahwakaf.blogspot.com/2015/01/biodata-ustaz-abdullah-khairy-bin-hjc3a1.html]
[galerisurautanahwakaf.blogspot.com/2015/01/biodata-ustaz-abdullah-khairy-bin-hjd693.html]
[www.blogger.com/static/v1/jsbin/4269703388-comment_from_post_iframe.js]
[galerisurautanahwakaf.blogspot.com/2015/01/yuran-bulanan-ajk-dan-selenggara-tanah40aa.html]
[galerisurautanahwakaf.blogspot.com/2015/01/biodata-ustaz-abdullah-khairy-bin-hje675.html]
[www.blogger.com/static/v1/widgets/523887051-widgets.js]
[galerisurautanahwakaf.blogspot.com/2015/01/biodata-ustaz-abdullah-khairy-bin-hj6f8f.html]
[galerisurautanahwakaf.blogspot.com/2015/01/biodata-ustaz-abdullah-khairy-bin-hj40aa.html]
[resources.blogblog.com/img/triangle_ltr.gif]
[www.blogger.com/static/v1/widgets/1539816172-widget_css_mobile_2_bundle.css]
[apis.google.com/js/platform.js]
[4.bp.blogspot.com/-MV6YQpmlyKE/T-_hVitY6dI/AAAAAAAAAzk/ColWx4x5Mwc/s1600/webiste-header-01.jpg]
[resources.blogblog.com/img/icon18_edit_allbkg.gif]
[galerisurautanahwakaf.blogspot.com/2015/01/biodata-ustaz-abdullah-khairy-bin-hjb537.html]
[galerisurautanahwakaf.blogspot.com/2015/01/biodata-ustaz-abdullah-khairy-bin-hj9db7.html]
[galerisurautanahwakaf.blogspot.com/2015/01/biodata-ustaz-abdullah-khairy-bin-hj9f6c.html]
[galerisurautanahwakaf.blogspot.com/2015/01/biodata-ustaz-abdullah-khairy-bin-hjc908.html]
[galerisurautanahwakaf.blogspot.com/2015/01/biodata-ustaz-abdullah-khairy-bin-hj638a.html]
[galerisurautanahwakaf.blogspot.com/2015/01/biodata-ustaz-abdullah-khairy-bin-hjc4cd.html]
[galerisurautanahwakaf.blogspot.com/2015/01/biodata-ustaz-abdullah-khairy-bin-hjabb1.html]
[galerisurautanahwakaf.blogspot.com/2015/01/yuran-bulanan-ajk-dan-selenggara-tanah.html]
[galerisurautanahwakaf.blogspot.com/2015/01/gotong-royong-membersih-surau-januari.html]
[galerisurautanahwakaf.blogspot.com/2015/01/biodata-ustaz-abdullah-khairy-bin-hj.html]
[www.blogger.com/dyn-css/authorization8723.css]
[galerisurautanahwakaf.blogspot.com/2015/01/index.html]
[www.blogger.com/static/v1/widgets/3642221003-widgets.js]
[galerisurautanahwakaf.blogspot.com/2015/01/biodata-ustaz-abdullah-khairy-bin-hj9fb4.html]
[galerisurautanahwakaf.blogspot.com/2015/01/biodata-ustaz-abdullah-khairy-bin-hjc460.html]
[galerisurautanahwakaf.blogspot.com/2015/01/biodata-ustaz-abdullah-khairy-bin-hj3ea4.html]
[galerisurautanahwakaf.blogspot.com/2015/01/biodata-ustaz-abdullah-khairy-bin-hjc3d2.html]
[galerisurautanahwakaf.blogspot.com/2015/01/biodata-ustaz-abdullah-khairy-bin-hj9846.html]
[galerisurautanahwakaf.blogspot.com/2015/01/biodata-ustaz-abdullah-khairy-bin-hjc3a1.html]
[galerisurautanahwakaf.blogspot.com/2015/01/biodata-ustaz-abdullah-khairy-bin-hjd693.html]
[galerisurautanahwakaf.blogspot.com/2015/01/gotong-royong-membersih-surau-januari40aa.html]
[galerisurautanahwakaf.blogspot.com/2015/01/yuran-bulanan-ajk-dan-selenggara-tanahe675.html]
[galerisurautanahwakaf.blogspot.com/2015/01/yuran-bulanan-ajk-dan-selenggara-tanah6f8f.html]
[galerisurautanahwakaf.blogspot.com/2015/01/yuran-bulanan-ajk-dan-selenggara-tanah40aa.html]
[galerisurautanahwakaf.blogspot.com/2015/01/biodata-ustaz-abdullah-khairy-bin-hjfb7d.html]
[galerisurautanahwakaf.blogspot.com/2015/01/biodata-ustaz-abdullah-khairy-bin-hj1e09.html]
[galerisurautanahwakaf.blogspot.com/2015/01/biodata-ustaz-abdullah-khairy-bin-hjf834.html]
[galerisurautanahwakaf.blogspot.com/2015/01/biodata-ustaz-abdullah-khairy-bin-hj5dc4.html]
[galerisurautanahwakaf.blogspot.com/2015/01/biodata-ustaz-abdullah-khairy-bin-hj9ba7.html]
[galerisurautanahwakaf.blogspot.com/2015/01/biodata-ustaz-abdullah-khairy-bin-hj7759.html]
[galerisurautanahwakaf.blogspot.com/2015/01/biodata-ustaz-abdullah-khairy-bin-hj91af.html]
[galerisurautanahwakaf.blogspot.com/2015/01/gotong-royong-membersih-surau-januarie675.html]
[galerisurautanahwakaf.blogspot.com/2015/01/biodata-ustaz-abdullah-khairy-bin-hje675.html]
[galerisurautanahwakaf.blogspot.com/2015/01/indexe675.html]
[galerisurautanahwakaf.blogspot.com/2015/01/biodata-ustaz-abdullah-khairy-bin-hj6f8f.html]
[www.blogger.com/img/widgets/stats-flipper.png]
[resources.blogblog.com/img/widgets/s_top.png]
[www.blogger.com/static/v1/widgets/3566091532-css_bundle_v2.css]
[galerisurautanahwakaf.blogspot.com/2015/01/biodata-ustaz-abdullah-khairy-bin-hjb537.html]
[galerisurautanahwakaf.blogspot.com/2015/01/biodata-ustaz-abdullah-khairy-bin-hj9db7.html]
[galerisurautanahwakaf.blogspot.com/2015/01/biodata-ustaz-abdullah-khairy-bin-hj9f6c.html]
[galerisurautanahwakaf.blogspot.com/2015/01/biodata-ustaz-abdullah-khairy-bin-hjc908.html]
[galerisurautanahwakaf.blogspot.com/2015/01/biodata-ustaz-abdullah-khairy-bin-hj638a.html]
[galerisurautanahwakaf.blogspot.com/2015/01/biodata-ustaz-abdullah-khairy-bin-hjc4cd.html]
[galerisurautanahwakaf.blogspot.com/2015/01/biodata-ustaz-abdullah-khairy-bin-hjabb1.html]
[galerisurautanahwakaf.blogspot.com/2015/01/yuran-bulanan-ajk-dan-selenggara-tanah.html]
[galerisurautanahwakaf.blogspot.com/2015/01/index.html]
[galerisurautanahwakaf.blogspot.com/2015/01/gotong-royong-membersih-surau-januari.html]
[galerisurautanahwakaf.blogspot.com/2015/01/gotong-royong-membersih-surau-januari6f8f.html]
[galerisurautanahwakaf.blogspot.com/2015/01/gotong-royong-membersih-surau-januari40aa.html]
[galerisurautanahwakaf.blogspot.com/2015/01/yuran-bulanan-ajk-dan-selenggara-tanahe675.html]
[galerisurautanahwakaf.blogspot.com/2015/01/yuran-bulanan-ajk-dan-selenggara-tanah6f8f.html]
[galerisurautanahwakaf.blogspot.com/2015/01/biodata-ustaz-abdullah-khairy-bin-hjfb7d.html]
[galerisurautanahwakaf.blogspot.com/2015/01/biodata-ustaz-abdullah-khairy-bin-hj1e09.html]
[galerisurautanahwakaf.blogspot.com/2015/01/biodata-ustaz-abdullah-khairy-bin-hjf834.html]
[galerisurautanahwakaf.blogspot.com/2015/01/biodata-ustaz-abdullah-khairy-bin-hj5dc4.html]
[galerisurautanahwakaf.blogspot.com/2015/01/biodata-ustaz-abdullah-khairy-bin-hj9ba7.html]
[galerisurautanahwakaf.blogspot.com/2015/01/biodata-ustaz-abdullah-khairy-bin-hj7759.html]
[galerisurautanahwakaf.blogspot.com/2015/01/biodata-ustaz-abdullah-khairy-bin-hj91af.html]
[galerisurautanahwakaf.blogspot.com/2015/01/indexe675.html]
[galerisurautanahwakaf.blogspot.com/2015/01/gotong-royong-membersih-surau-januarie675.html]
[draft.blogger.com/dyn-css/authorization8723.css]
[galerisurautanahwakaf.blogspot.com/2015/01/gotong-royong-membersih-surau-januari6f8f.html]
[galerisurautanahwakaf.blogspot.com/2015/01/index40aa.html]
[galerisurautanahwakaf.blogspot.com/2015/01/index6f8f.html]
[galerisurautanahwakaf.blogspot.com/2015/01/index40aa.html]
[galerisurautanahwakaf.blogspot.com/2015/01/index6f8f.html]
