[izdeen.com/biodata-ustaz-auni-mohamad/index.html]
[backblue.gif]
[fade.gif]
[index.html]
[izdeen.com/wp-content/plugins/wpdiscuz/assets/img/loading.gif]
[izdeen.com/wp-content/litespeed/ucss/4d306272f3f250f78709f375cb90aaa72b9a.css]
[izdeen.com/wp-content/plugins/litespeed-cache/assets/js/css_async.min.js]
[izdeen.com/wp-content/uploads/2022/01/Islamic-mosque-with-black-background-vector-06.jpg]
[izdeen.com/biodata-ustaz-auni-mohamad/feed/index.html]
[izdeen.com/biodata-ustaz-auni-mohamad/GET]
[izdeen.com/biodata-ustaz-auni-mohamad/Edg/index.html]
[izdeen.com/biodata-ustaz-auni-mohamad/+/index.html]
[izdeen.com/wp-content/uploads/2022/10/moon-removebg-preview.png]
[izdeen.com/biodata-ustaz-auni-mohamad/index.html]
[izdeen.com/wp-content/litespeed/ucss/4d306272f3f250f78709f375cb90aaa72b9a.css]
[izdeen.com/wp-content/plugins/litespeed-cache/assets/js/css_async.min.js]
[izdeen.com/biodata-ustaz-auni-mohamad/Edg/index.html]
[izdeen.com/biodata-ustaz-auni-mohamad/+/index.html]
[izdeen.com/biodata-ustaz-auni-mohamad/GET.html]
